# compiler: R8
# compiler_version: 1.5.69
# pg_map_id: 5a30335
android.R -> android.R:
    1:1:void <init>():2460:2460 -> <init>
android.R$anim -> android.R$anim:
    1:1:void <init>():6:6 -> <init>
android.R$animator -> android.R$animator:
    1:1:void <init>():23:23 -> <init>
android.R$array -> android.R$array:
    1:1:void <init>():29:29 -> <init>
android.R$attr -> android.R$attr:
    1:1:void <init>():38:38 -> <init>
android.R$bool -> android.R$bool:
    1:1:void <init>():1308:1308 -> <init>
android.R$color -> android.R$color:
    1:1:void <init>():1312:1312 -> <init>
android.R$dimen -> android.R$dimen:
    1:1:void <init>():1344:1344 -> <init>
android.R$drawable -> android.R$drawable:
    1:1:void <init>():1355:1355 -> <init>
android.R$fraction -> android.R$fraction:
    1:1:void <init>():1538:1538 -> <init>
android.R$id -> android.R$id:
    1:1:void <init>():1542:1542 -> <init>
android.R$integer -> android.R$integer:
    1:1:void <init>():1607:1607 -> <init>
android.R$interpolator -> android.R$interpolator:
    1:1:void <init>():1615:1615 -> <init>
android.R$layout -> android.R$layout:
    1:1:void <init>():1635:1635 -> <init>
android.R$menu -> android.R$menu:
    1:1:void <init>():1663:1663 -> <init>
android.R$mipmap -> android.R$mipmap:
    1:1:void <init>():1667:1667 -> <init>
android.R$plurals -> android.R$plurals:
    1:1:void <init>():1672:1672 -> <init>
android.R$raw -> android.R$raw:
    1:1:void <init>():1676:1676 -> <init>
android.R$string -> android.R$string:
    1:1:void <init>():1680:1680 -> <init>
android.R$style -> android.R$style:
    1:1:void <init>():1709:1709 -> <init>
android.R$transition -> android.R$transition:
    1:1:void <init>():2446:2446 -> <init>
android.R$xml -> android.R$xml:
    1:1:void <init>():2458:2458 -> <init>
java.io.Serializable -> a.a.a:
java.lang.CharSequence -> java.lang.a:
java.lang.Comparable -> java.lang.b:
java.lang.Exception -> java.lang.c:
    1:1:void <init>():5:5 -> <init>
java.lang.Object -> java.lang.Object:
    1:1:void <init>():4:4 -> <init>
java.lang.RuntimeException -> java.lang.d:
    1:1:void <init>(java.lang.String):6:6 -> <init>
java.lang.Throwable -> java.lang.e:
    1:1:void <init>():5:5 -> <init>
